adafruit_802_sd.c:238:9:ADAFRUIT_802_SD_Init	24	static
adafruit_802_sd.c:267:9:ADAFRUIT_802_SD_DeInit	24	static
adafruit_802_sd.c:288:9:ADAFRUIT_802_SD_DetectITConfig	16	static
adafruit_802_sd.c:301:9:ADAFRUIT_802_SD_IsDetected	16	static
adafruit_802_sd.c:317:9:ADAFRUIT_802_SD_ReadBlocks	48	static
adafruit_802_sd.c:430:9:ADAFRUIT_802_SD_WriteBlocks	48	static
adafruit_802_sd.c:565:9:ADAFRUIT_802_SD_ReadBlocks_DMA	32	static
adafruit_802_sd.c:594:9:ADAFRUIT_802_SD_WriteBlocks_DMA	32	static
adafruit_802_sd.c:623:9:ADAFRUIT_802_SD_ReadBlocks_IT	32	static
adafruit_802_sd.c:652:9:ADAFRUIT_802_SD_WriteBlocks_IT	32	static
adafruit_802_sd.c:680:9:ADAFRUIT_802_SD_Erase	40	static
adafruit_802_sd.c:746:9:ADAFRUIT_802_SD_GetCardState	32	static
adafruit_802_sd.c:788:9:ADAFRUIT_802_SD_GetCardInfo	24	static
adafruit_802_sd.c:836:16:SD_IO_Init	40	static
adafruit_802_sd.c:898:13:SD_IO_DeInit	32	static
adafruit_802_sd.c:918:13:SD_IO_CSState	16	static
adafruit_802_sd.c:937:16:SD_GetCSDRegister	96	static
adafruit_802_sd.c:1074:16:SD_GetCIDRegister	96	static
adafruit_802_sd.c:1196:17:SD_SendCmd	40	static
adafruit_802_sd.c:1325:16:SD_GetDataResponse	24	static
adafruit_802_sd.c:1387:16:SD_GoIdleState	16	static
adafruit_802_sd.c:1529:16:SD_ReadData	24	static
adafruit_802_sd.c:1561:16:SD_WaitData	24	static
adafruit_802_sd.c:1593:13:SPI_IO_Delay	24	static
