support.h:26:20:nRF24_CSN_L	8	static
support.h:31:20:nRF24_CSN_H	8	static
support.h:37:23:nRF24_LL_RW	24	static
nrf24.c:9:16:nRF24_ReadReg	24	static
nrf24.c:26:13:nRF24_WriteReg	16	static
nrf24.c:56:13:nRF24_ReadMBReg	24	static
nrf24.c:81:13:nRF24_WriteMBReg	16	static
nrf24.c:96:6:nRF24_Init	8	static
nrf24.c:131:9:nRF24_Check	24	static
nrf24.c:158:6:nRF24_SetPowerMode	24	static
nrf24.c:181:6:nRF24_SetOperationalMode	24	static
nrf24.c:195:6:nRF24_SetDynamicPayloadLength	24	static
nrf24.c:214:6:nRF24_SetPayloadWithAck	24	static
nrf24.c:233:6:nRF24_SetCRCScheme	24	static
nrf24.c:249:6:nRF24_SetRFChannel	16	static
nrf24.c:259:6:nRF24_SetAutoRetr	16	static
nrf24.c:269:6:nRF24_SetAddrWidth	16	static
nrf24.c:284:6:nRF24_SetAddr	24	static
nrf24.c:321:6:nRF24_SetTXPower	24	static
nrf24.c:335:6:nRF24_SetDataRate	24	static
nrf24.c:351:6:nRF24_SetRXPipe	24	static
nrf24.c:378:6:nRF24_ClosePipe	24	static
nrf24.c:391:6:nRF24_EnableAA	24	static
nrf24.c:404:6:nRF24_DisableAA	24	static
nrf24.c:424:9:nRF24_GetStatus	8	static
nrf24.c:431:9:nRF24_GetIRQFlags	8	static
nrf24.c:438:9:nRF24_GetStatus_RXFIFO	8	static
nrf24.c:446:9:nRF24_GetStatus_TXFIFO	8	static
nrf24.c:453:9:nRF24_GetRXSource	8	static
nrf24.c:462:9:nRF24_GetRetransmitCounters	8	static
nrf24.c:468:6:nRF24_ResetPLOS	16	static
nrf24.c:478:6:nRF24_FlushTX	8	static
nrf24.c:484:6:nRF24_FlushRX	8	static
nrf24.c:490:6:nRF24_ClearIRQFlags	16	static
nrf24.c:504:6:nRF24_WritePayload	16	static
nrf24.c:509:16:nRF24_GetRxDplPayloadWidth	16	static
nrf24.c:522:23:nRF24_ReadPayloadGeneric	32	static
nrf24.c:569:16:nRF24_ReadPayload	16	static
nrf24.c:574:16:nRF24_ReadPayloadDpl	16	static
nrf24.c:579:9:nRF24_GetFeatures	8	static
nrf24.c:583:6:nRF24_ActivateFeatures	8	static
nrf24.c:590:6:nRF24_WriteAckPayload	16	static
