support.h:26:20:nRF24_CSN_L	8	static
support.h:31:20:nRF24_CSN_H	8	static
support.h:37:23:nRF24_LL_RW	32	static
nrf24.c:9:16:nRF24_ReadReg	24	static
nrf24.c:26:13:nRF24_WriteReg	16	static
nrf24.c:56:13:nRF24_ReadMBReg	24	static
nrf24.c:81:13:nRF24_WriteMBReg	16	static
nrf24.c:96:6:nRF24_Init	8	static
nrf24.c:131:9:nRF24_Check	32	static
nrf24.c:162:6:nRF24_SetPowerMode	24	static
nrf24.c:185:6:nRF24_SetOperationalMode	24	static
nrf24.c:199:6:nRF24_SetDynamicPayloadLength	24	static
nrf24.c:218:6:nRF24_SetPayloadWithAck	24	static
nrf24.c:237:6:nRF24_SetCRCScheme	24	static
nrf24.c:253:6:nRF24_SetRFChannel	16	static
nrf24.c:263:6:nRF24_SetAutoRetr	16	static
nrf24.c:273:6:nRF24_SetAddrWidth	16	static
nrf24.c:288:6:nRF24_SetAddr	24	static
nrf24.c:325:6:nRF24_SetTXPower	24	static
nrf24.c:339:6:nRF24_SetDataRate	24	static
nrf24.c:355:6:nRF24_SetRXPipe	24	static
nrf24.c:382:6:nRF24_ClosePipe	24	static
nrf24.c:395:6:nRF24_EnableAA	24	static
nrf24.c:408:6:nRF24_DisableAA	24	static
nrf24.c:428:9:nRF24_GetStatus	8	static
nrf24.c:435:9:nRF24_GetIRQFlags	8	static
nrf24.c:442:9:nRF24_GetStatus_RXFIFO	8	static
nrf24.c:450:9:nRF24_GetStatus_TXFIFO	8	static
nrf24.c:457:9:nRF24_GetRXSource	8	static
nrf24.c:466:9:nRF24_GetRetransmitCounters	8	static
nrf24.c:472:6:nRF24_ResetPLOS	16	static
nrf24.c:482:6:nRF24_FlushTX	8	static
nrf24.c:488:6:nRF24_FlushRX	8	static
nrf24.c:494:6:nRF24_ClearIRQFlags	16	static
nrf24.c:508:6:nRF24_WritePayload	16	static
nrf24.c:513:16:nRF24_GetRxDplPayloadWidth	16	static
nrf24.c:526:23:nRF24_ReadPayloadGeneric	32	static
nrf24.c:573:16:nRF24_ReadPayload	16	static
nrf24.c:578:16:nRF24_ReadPayloadDpl	16	static
nrf24.c:583:9:nRF24_GetFeatures	8	static
nrf24.c:587:6:nRF24_ActivateFeatures	8	static
nrf24.c:594:6:nRF24_WriteAckPayload	16	static
