LCD_1in8.c:22:13:LCD_1IN8_Reset	8	static
LCD_1in8.c:36:13:LCD_1IN8_WriteReg	16	static
LCD_1in8.c:44:13:LCD_1IN8_WriteData_8Bit	16	static
LCD_1in8.c:61:6:LCD_1IN8_WriteData_NLen16Bit	24	static
LCD_1in8.c:77:13:LCD_1IN8_InitReg	8	static
LCD_1in8.c:178:6:LCD_1IN8_SetGramScanWay	24	static
LCD_1in8.c:238:6:LCD_1IN8_Init	16	static
LCD_1in8.c:267:6:LCD_1IN8_SetWindows	24	static
LCD_1in8.c:294:6:LCD_1IN8_SetCursor	16	static
LCD_1in8.c:305:6:LCD_1IN8_SetColor	16	static
LCD_1in8.c:317:6:LCD_1IN8_DrawPaint	16	static
LCD_1in8.c:343:6:LCD_1IN8_SetArealColor	24	static
LCD_1in8.c:355:6:LCD_1IN8_Clear	24	static
LCD_1in8.c:372:6:LCD_1IN8_Display	24	static
LCD_1in8.c:389:6:LCD_1IN8_DisplayWindows	32	static
LCD_1in8.c:415:6:LCD_1IN8_SetBackLight	16	static
