LCD_2inch.c:36:13:LCD_2IN_Reset	8	static
LCD_2inch.c:50:13:LCD_2IN_Write_Command	16	static
LCD_2inch.c:57:13:LCD_2IN_WriteData_Byte	16	static
LCD_2inch.c:65:6:LCD_2IN_WriteData_Word	16	static
LCD_2inch.c:79:6:LCD_2IN_Init	8	static
LCD_2inch.c:181:6:LCD_2IN_SetWindow	24	static
LCD_2inch.c:205:6:LCD_2IN_SetCursor	16	static
LCD_2inch.c:227:6:LCD_2IN_Clear	24	static
LCD_2inch.c:249:6:LCD_2IN_ClearWindow	32	static
LCD_2inch.c:265:6:LCD_2IN_Display	24	static
LCD_2inch.c:285:6:LCD_2IN_DrawPaint	16	static
LCD_2inch.c:296:6:LCD_2IN_SetBackLight	16	static
