LCD_2inch4.c:39:13:LCD_2IN4_Reset	8	static
LCD_2inch4.c:53:13:LCD_2IN4_Write_Command	16	static
LCD_2inch4.c:60:13:LCD_2IN4_WriteData_Byte	16	static
LCD_2inch4.c:68:6:LCD_2IN4_WriteData_Word	16	static
LCD_2inch4.c:81:6:LCD_2IN4_Init	8	static
LCD_2inch4.c:187:6:LCD_2IN4_SetWindow	24	static
LCD_2inch4.c:211:6:LCD_2IN4_SetCursor	16	static
LCD_2inch4.c:233:6:LCD_2IN4_Clear	24	static
LCD_2inch4.c:255:6:LCD_2IN4_ClearWindow	32	static
LCD_2inch4.c:271:6:LCD_2IN4_Display	24	static
LCD_2inch4.c:291:6:LCD_2IN4_DrawPaint	16	static
LCD_2inch4.c:317:6:LCD_2IN4_SetBackLight	16	static
