MPU9250.c:99:13:MPU9250_OnActivate	4	static
MPU9250.c:103:20:MPU9250_Activate	8	static
MPU9250.c:109:20:MPU9250_Deactivate	8	static
MPU9250.c:114:9:SPIx_WriteRead	32	static
MPU9250.c:127:6:MPU_SPI_Write	16	static
MPU9250.c:140:6:MPU_SPI_Read	24	static
MPU9250.c:150:6:writeRegister	32	static
MPU9250.c:159:6:readRegisters	24	static
MPU9250.c:167:6:writeAK8963Register	88	static
MPU9250.c:183:6:readAK8963Registers	96	static
MPU9250.c:202:16:whoAmI	96	static
MPU9250.c:212:12:whoAmIAK8963	96	static
MPU9250.c:221:9:MPU9250_Init	104	static
MPU9250.c:316:6:MPU9250_SetAccelRange	88	static
MPU9250.c:322:6:MPU9250_SetGyroRange	88	static
MPU9250.c:328:6:MPU9250_SetDLPFBandwidth	88	static
MPU9250.c:335:6:MPU9250_SetSampleRateDivider	96	static
MPU9250.c:378:6:MPU9250_GetData	104	static
