ScreenAgent.c:99:6:screenInit	16	static
ScreenAgent.c:146:6:screenClear	8	static
ScreenAgent.c:161:6:centeredString	48	static
ScreenAgent.c:184:6:renderSafeAirBattery	16	static
ScreenAgent.c:300:6:updateStatusText	4	static
ScreenAgent.c:413:6:updatePlatformText	4	static
ScreenAgent.c:462:6:redrawBatteryIcon	16	static
ScreenAgent.c:546:6:redrawTriggerModeIcon	16	static
ScreenAgent.c:600:6:redrawBluetoothIcon	16	static
ScreenAgent.c:674:6:redrawSignalStrengthIcon	16	static
ScreenAgent.c:756:6:redrawAutoPilotIcon	16	static
ScreenAgent.c:810:6:redrawPlatformIcon	16	static
ScreenAgent.c:893:6:screenUpdate	16	static
ScreenAgent.c:995:6:drawMenu	56	static
ScreenAgent.c:1061:6:drawItem	16	static
ScreenAgent.c:1096:6:drawPopup	48	static
ScreenAgent.c:1182:6:setFullDisplay	4	static
ScreenAgent.c:1208:6:setIconPositionOnScreen	4	static
